Trying to insert job for recruiter bd32ad8e-6d1e-4626-bc8c-9245c803126e and college c2e9de9f-2b81-40c6-81d0-97c6854f4f4c
node.exe : DB ERROR 
CAUGHT:
At C:\Program Files\nod
ejs\npx.ps1:29 char:3
+   & $NODE_EXE 
$NPX_CLI_JS $args
+   ~~~~~~~~~~~~~~~~~~~
~~~~~~~~~~
    + CategoryInfo     
         : 
NotSpecified: (DB     
ERROR CAUGHT::String)  
   [], RemoteException
    + 
FullyQualifiedErrorI   
 d : NativeCommandError
 
DrizzleQueryError: 
Failed query: insert 
into "jobs" ("id", 
"recruiter_id", 
"college_id", 
"posted_by_tnp_id", 
"title", 
"description", 
"branches", 
"min_cgpa", 
"location", "state", 
"created_at") values 
(default, $1, $2, 
default, $3, $4, 
default, default, $5, 
$6, default) returning 
"id", "recruiter_id", 
"college_id", 
"posted_by_tnp_id", 
"title", 
"description", 
"branches", 
"min_cgpa", 
"location", "state", 
"created_at"
params: bd32ad8e-6d1e-4
626-bc8c-9245c803126e,c
2e9de9f-2b81-40c6-81d0-
97c6854f4f4c,Test Job 
123,Description

Type: Full-Time
CTC: 
10LPA,Remote,SUBMITTED
    at NodePgPreparedQu
ery.queryWithCache 
(C:\Users\Anurag Sharma
\Desktop\placeme\placem
e\backend\node_modules\
src\pg-core\session.ts:
73:11)
    at process.processT
icksAndRejections (node
:internal/process/task_
queues:105:5)
    at async 
<anonymous> 
(C:\Users\Anurag Sharma
\Desktop\placeme\placem
e\backend\node_modules\
src\node-postgres\sessi
on.ts:154:19)
    at async testQuery 
(C:\Users\Anurag Sharma
\Desktop\placeme\placem
e\backend\test_db_inser
t.ts:22:30) {
  query: 'insert into 
"jobs" ("id", 
"recruiter_id", 
"college_id", 
"posted_by_tnp_id", 
"title", 
"description", 
"branches", 
"min_cgpa", 
"location", "state", 
"created_at") values 
(default, $1, $2, 
default, $3, $4, 
default, default, $5, 
$6, default) returning 
"id", "recruiter_id", 
"college_id", 
"posted_by_tnp_id", 
"title", 
"description", 
"branches", 
"min_cgpa", 
"location", "state", 
"created_at"',
  params: [
    'bd32ad8e-6d1e-4626
-bc8c-9245c803126e',
    'c2e9de9f-2b81-40c6
-81d0-97c6854f4f4c',
    'Test Job 123',
    
'Description\n\nType: 
Full-Time\nCTC: 10LPA',
    'Remote',
    'SUBMITTED'
  ],
  cause: error: insert 
or update on table 
"jobs" violates 
foreign key constraint 
"jobs_recruiter_id_recr
uiters_id_fk"
      at 
C:\Users\Anurag Sharma\
Desktop\placeme\placeme
\backend\node_modules\p
g-pool\index.js:45:11
      at process.proces
sTicksAndRejections (no
de:internal/process/tas
k_queues:105:5)
      at async 
<anonymous> 
(C:\Users\Anurag Sharma
\Desktop\placeme\placem
e\backend\node_modules\
src\node-postgres\sessi
on.ts:161:13)
      at async NodePgPr
eparedQuery.queryWithCa
che (C:\Users\Anurag Sh
arma\Desktop\placeme\pl
aceme\backend\node_modu
les\src\pg-core\session
.ts:71:12)
      at async 
<anonymous> 
(C:\Users\Anurag Sharma
\Desktop\placeme\placem
e\backend\node_modules\
src\node-postgres\sessi
on.ts:154:19)
      at async 
testQuery 
(C:\Users\Anurag Sharma
\Desktop\placeme\placem
e\backend\test_db_inser
t.ts:22:30) {
    length: 317,
    severity: 'ERROR',
    code: '23503',
    detail: 'Key (recru
iter_id)=(bd32ad8e-6d1e
-4626-bc8c-9245c803126e
) is not present in 
table "recruiters".',
    hint: undefined,
    position: 
undefined,
    internalPosition: 
undefined,
    internalQuery: 
undefined,
    where: undefined,
    schema: 'public',
    table: 'jobs',
    column: undefined,
    dataType: 
undefined,
    constraint: 'jobs_r
ecruiter_id_recruiters_
id_fk',
    file: 
'ri_triggers.c',
    line: '2599',
    routine: 
'ri_ReportViolation'
  }
}
